/Users/hussamaldean/STM32CubeIDE/workspace_1.7.0/embeddedExpertIO_posts/ACS712_Current_Sensor_AC_Current/chip header/CMSIS/Include/core_cm4.h:1688:22:__NVIC_EnableIRQ	16	static
/Users/hussamaldean/STM32CubeIDE/workspace_1.7.0/embeddedExpertIO_posts/ACS712_Current_Sensor_AC_Current/chip header/CMSIS/Include/core_cm4.h:1777:22:__NVIC_ClearPendingIRQ	16	static
../Src/acs712.c:32:14:kalman_filter	32	static
../Src/acs712.c:68:6:acs712_init	8	static
../Src/acs712.c:126:7:calculate_rms	24	static
../Src/acs712.c:143:7:get_acs712_current	8	static
../Src/acs712.c:169:6:DMA2_Stream0_IRQHandler	8	static
